
; 9*sin(x)
	.byte $0, $0, $0, $39, $0, $71, $0, $a9, $0, $e2, $1, $1a, $1, $52, $1, $8a
	.byte $1, $c1, $1, $f9, $2, $30, $2, $67, $2, $9d, $2, $d3, $3, $8, $3, $3d
	.byte $3, $72, $3, $a6, $3, $d9, $4, $c, $4, $3e, $4, $70, $4, $a0, $4, $d1
	.byte $5, $0, $5, $2f, $5, $5c, $5, $89, $5, $b6, $5, $e1, $6, $b, $6, $35
	.byte $6, $5d, $6, $85, $6, $ab, $6, $d1, $6, $f5, $7, $18, $7, $3b, $7, $5c
	.byte $7, $7c, $7, $9b, $7, $b8, $7, $d5, $7, $f0, $8, $a, $8, $23, $8, $3a
	.byte $8, $51, $8, $66, $8, $79, $8, $8c, $8, $9d, $8, $ad, $8, $bb, $8, $c8
	.byte $8, $d4, $8, $de, $8, $e7, $8, $ef, $8, $f5, $8, $fa, $8, $fd, $8, $ff
; 10*sin(x)
	.byte $0, $0, $0, $3f, $0, $7e, $0, $bc, $0, $fb, $1, $39, $1, $78, $1, $b6
	.byte $1, $f3, $2, $31, $2, $6e, $2, $ab, $2, $e7, $3, $23, $3, $5e, $3, $99
	.byte $3, $d4, $4, $d, $4, $47, $4, $7f, $4, $b7, $4, $ee, $5, $24, $5, $5a
	.byte $5, $8e, $5, $c2, $5, $f5, $6, $27, $6, $58, $6, $88, $6, $b7, $6, $e5
	.byte $7, $12, $7, $3e, $7, $69, $7, $92, $7, $bb, $7, $e2, $8, $8, $8, $2d
	.byte $8, $51, $8, $73, $8, $94, $8, $b3, $8, $d2, $8, $ef, $9, $a, $9, $24
	.byte $9, $3d, $9, $54, $9, $6a, $9, $7f, $9, $92, $9, $a3, $9, $b3, $9, $c2
	.byte $9, $cf, $9, $da, $9, $e4, $9, $ed, $9, $f4, $9, $f9, $9, $fd, $9, $ff
; 11*sin(x)
	.byte $0, $0, $0, $45, $0, $8a, $0, $cf, $1, $14, $1, $59, $1, $9d, $1, $e1
	.byte $2, $25, $2, $69, $2, $ac, $2, $ef, $3, $31, $3, $73, $3, $b5, $3, $f5
	.byte $4, $36, $4, $75, $4, $b4, $4, $f2, $5, $2f, $5, $6c, $5, $a8, $5, $e3
	.byte $6, $1c, $6, $55, $6, $8d, $6, $c4, $6, $fa, $7, $2f, $7, $63, $7, $96
	.byte $7, $c7, $7, $f7, $8, $27, $8, $54, $8, $81, $8, $ac, $8, $d6, $8, $fe
	.byte $9, $25, $9, $4b, $9, $6f, $9, $92, $9, $b3, $9, $d3, $9, $f2, $a, $e
	.byte $a, $2a, $a, $43, $a, $5b, $a, $72, $a, $87, $a, $9a, $a, $ac, $a, $bc
	.byte $a, $ca, $a, $d7, $a, $e2, $a, $eb, $a, $f2, $a, $f8, $a, $fd, $a, $ff
; 12*sin(x)
	.byte $0, $0, $0, $4b, $0, $97, $0, $e2, $1, $2d, $1, $78, $1, $c3, $2, $d
	.byte $2, $57, $2, $a1, $2, $ea, $3, $33, $3, $7c, $3, $c4, $4, $b, $4, $52
	.byte $4, $98, $4, $dd, $5, $21, $5, $65, $5, $a8, $5, $ea, $6, $2b, $6, $6c
	.byte $6, $ab, $6, $e9, $7, $26, $7, $62, $7, $9d, $7, $d7, $8, $f, $8, $46
	.byte $8, $7c, $8, $b1, $8, $e4, $9, $16, $9, $47, $9, $76, $9, $a3, $9, $d0
	.byte $9, $fa, $a, $23, $a, $4b, $a, $71, $a, $95, $a, $b8, $a, $d9, $a, $f8
	.byte $b, $16, $b, $32, $b, $4c, $b, $65, $b, $7c, $b, $91, $b, $a4, $b, $b5
	.byte $b, $c5, $b, $d3, $b, $df, $b, $e9, $b, $f1, $b, $f8, $b, $fc, $b, $ff
; 13*sin(x)
	.byte $0, $0, $0, $52, $0, $a3, $0, $f5, $1, $46, $1, $97, $1, $e8, $2, $39
	.byte $2, $89, $2, $d9, $3, $29, $3, $78, $3, $c6, $4, $14, $4, $61, $4, $ae
	.byte $4, $fa, $5, $45, $5, $8f, $5, $d8, $6, $21, $6, $68, $6, $af, $6, $f4
	.byte $7, $39, $7, $7c, $7, $be, $7, $ff, $8, $3f, $8, $7e, $8, $bb, $8, $f7
	.byte $9, $31, $9, $6a, $9, $a2, $9, $d8, $a, $d, $a, $40, $a, $71, $a, $a1
	.byte $a, $cf, $a, $fc, $b, $27, $b, $50, $b, $77, $b, $9d, $b, $c0, $b, $e2
	.byte $c, $3, $c, $21, $c, $3d, $c, $58, $c, $71, $c, $87, $c, $9c, $c, $af
	.byte $c, $c0, $c, $cf, $c, $dc, $c, $e7, $c, $f0, $c, $f7, $c, $fc, $c, $ff
; 14*sin(x)
	.byte $0, $0, $0, $58, $0, $b0, $1, $8, $1, $5f, $1, $b7, $2, $e, $2, $65
	.byte $2, $bb, $3, $11, $3, $67, $3, $bc, $4, $10, $4, $64, $4, $b7, $5, $a
	.byte $5, $5c, $5, $ac, $5, $fc, $6, $4b, $6, $99, $6, $e7, $7, $33, $7, $7d
	.byte $7, $c7, $8, $10, $8, $57, $8, $9d, $8, $e2, $9, $25, $9, $67, $9, $a7
	.byte $9, $e6, $a, $24, $a, $60, $a, $9a, $a, $d2, $b, $9, $b, $3f, $b, $72
	.byte $b, $a4, $b, $d4, $c, $2, $c, $2e, $c, $59, $c, $81, $c, $a8, $c, $cd
	.byte $c, $ef, $d, $10, $d, $2e, $d, $4b, $d, $66, $d, $7e, $d, $95, $d, $a9
	.byte $d, $bb, $d, $cb, $d, $d9, $d, $e5, $d, $ef, $d, $f6, $d, $fc, $d, $ff
; 15*sin(x)
	.byte $0, $0, $0, $5e, $0, $bc, $1, $1a, $1, $78, $1, $d6, $2, $33, $2, $90
	.byte $2, $ed, $3, $49, $3, $a5, $4, $0, $4, $5b, $4, $b5, $5, $e, $5, $66
	.byte $5, $be, $6, $14, $6, $6a, $6, $bf, $7, $12, $7, $65, $7, $b6, $8, $6
	.byte $8, $55, $8, $a3, $8, $ef, $9, $3a, $9, $84, $9, $cc, $a, $13, $a, $58
	.byte $a, $9b, $a, $dd, $b, $1d, $b, $5c, $b, $98, $b, $d3, $c, $c, $c, $44
	.byte $c, $79, $c, $ac, $c, $de, $d, $d, $d, $3b, $d, $66, $d, $8f, $d, $b7
	.byte $d, $dc, $d, $ff, $e, $20, $e, $3e, $e, $5b, $e, $75, $e, $8d, $e, $a3
	.byte $e, $b6, $e, $c7, $e, $d6, $e, $e3, $e, $ee, $e, $f6, $e, $fb, $e, $ff
; 16*sin(x)
	.byte $0, $0, $0, $65, $0, $c9, $1, $2d, $1, $91, $1, $f5, $2, $59, $2, $bc
	.byte $3, $1f, $3, $81, $3, $e3, $4, $44, $4, $a5, $5, $5, $5, $64, $5, $c2
	.byte $6, $1f, $6, $7c, $6, $d7, $7, $32, $7, $8b, $7, $e3, $8, $3a, $8, $8f
	.byte $8, $e4, $9, $37, $9, $88, $9, $d8, $a, $26, $a, $73, $a, $bf, $b, $8
	.byte $b, $50, $b, $97, $b, $db, $c, $1e, $c, $5e, $c, $9d, $c, $da, $d, $15
	.byte $d, $4e, $d, $85, $d, $b9, $d, $ec, $e, $1c, $e, $4b, $e, $77, $e, $a1
	.byte $e, $c8, $e, $ee, $f, $11, $f, $31, $f, $50, $f, $6c, $f, $85, $f, $9c
	.byte $f, $b1, $f, $c4, $f, $d4, $f, $e1, $f, $ec, $f, $f5, $f, $fb, $f, $ff
; 17*sin(x)
	.byte $0, $0, $0, $6b, $0, $d6, $1, $40, $1, $ab, $2, $15, $2, $7f, $2, $e8
	.byte $3, $51, $3, $ba, $4, $21, $4, $89, $4, $ef, $5, $55, $5, $ba, $6, $1e
	.byte $6, $81, $6, $e4, $7, $45, $7, $a5, $8, $4, $8, $61, $8, $bd, $9, $18
	.byte $9, $72, $9, $ca, $a, $20, $a, $75, $a, $c9, $b, $1b, $b, $6b, $b, $b9
	.byte $c, $5, $c, $50, $c, $99, $c, $df, $d, $24, $d, $67, $d, $a8, $d, $e6
	.byte $e, $23, $e, $5d, $e, $95, $e, $cb, $e, $fe, $f, $2f, $f, $5e, $f, $8b
	.byte $f, $b5, $f, $dc, $10, $2, $10, $24, $10, $45, $10, $62, $10, $7e, $10, $96
	.byte $10, $ac, $10, $c0, $10, $d1, $10, $df, $10, $eb, $10, $f4, $10, $fb, $10, $ff
; 18*sin(x)
	.byte $0, $0, $0, $71, $0, $e2, $1, $53, $1, $c4, $2, $34, $2, $a4, $3, $14
	.byte $3, $83, $3, $f2, $4, $60, $4, $cd, $5, $3a, $5, $a5, $6, $10, $6, $7a
	.byte $6, $e3, $7, $4b, $7, $b2, $8, $18, $8, $7c, $8, $df, $9, $41, $9, $a1
	.byte $a, $0, $a, $5d, $a, $b9, $b, $13, $b, $6b, $b, $c2, $c, $17, $c, $69
	.byte $c, $ba, $d, $9, $d, $56, $d, $a1, $d, $ea, $e, $31, $e, $75, $e, $b7
	.byte $e, $f7, $f, $35, $f, $70, $f, $a9, $f, $e0, $10, $14, $10, $46, $10, $75
	.byte $10, $a1, $10, $cb, $10, $f3, $11, $17, $11, $3a, $11, $59, $11, $76, $11, $90
	.byte $11, $a7, $11, $bc, $11, $ce, $11, $dd, $11, $ea, $11, $f4, $11, $fa, $11, $ff
; 19*sin(x)
	.byte $0, $0, $0, $77, $0, $ef, $1, $66, $1, $dd, $2, $53, $2, $ca, $3, $40
	.byte $3, $b5, $4, $2a, $4, $9e, $5, $11, $5, $84, $5, $f6, $6, $67, $6, $d7
	.byte $7, $45, $7, $b3, $8, $20, $8, $8b, $8, $f5, $9, $5d, $9, $c5, $a, $2a
	.byte $a, $8e, $a, $f1, $b, $51, $b, $b0, $c, $e, $c, $69, $c, $c2, $d, $1a
	.byte $d, $6f, $d, $c3, $e, $14, $e, $63, $e, $b0, $e, $fb, $f, $43, $f, $89
	.byte $f, $cc, $10, $d, $10, $4c, $10, $88, $10, $c2, $10, $f9, $11, $2d, $11, $5f
	.byte $11, $8e, $11, $ba, $11, $e4, $12, $b, $12, $2f, $12, $50, $12, $6e, $12, $8a
	.byte $12, $a3, $12, $b8, $12, $cb, $12, $db, $12, $e9, $12, $f3, $12, $fa, $12, $ff
; 20*sin(x)
	.byte $0, $0, $0, $7e, $0, $fb, $1, $79, $1, $f6, $2, $73, $2, $ef, $3, $6b
	.byte $3, $e7, $4, $62, $4, $dc, $5, $56, $5, $ce, $6, $46, $6, $bd, $7, $33
	.byte $7, $a7, $8, $1b, $8, $8d, $8, $fe, $9, $6e, $9, $dc, $a, $48, $a, $b3
	.byte $b, $1d, $b, $84, $b, $ea, $c, $4e, $c, $b0, $d, $10, $d, $6e, $d, $ca
	.byte $e, $24, $e, $7c, $e, $d2, $f, $25, $f, $76, $f, $c4, $10, $10, $10, $5a
	.byte $10, $a1, $10, $e6, $11, $28, $11, $67, $11, $a3, $11, $dd, $12, $14, $12, $49
	.byte $12, $7a, $12, $a9, $12, $d5, $12, $fe, $13, $24, $13, $47, $13, $67, $13, $84
	.byte $13, $9e, $13, $b5, $13, $c9, $13, $d9, $13, $e7, $13, $f2, $13, $fa, $13, $fe
; 21*sin(x)
	.byte $0, $0, $0, $84, $1, $8, $1, $8b, $2, $f, $2, $92, $3, $15, $3, $97
	.byte $4, $19, $4, $9a, $5, $1a, $5, $9a, $6, $19, $6, $96, $7, $13, $7, $8f
	.byte $8, $9, $8, $83, $8, $fb, $9, $71, $9, $e6, $a, $5a, $a, $cc, $b, $3c
	.byte $b, $ab, $c, $18, $c, $82, $c, $eb, $d, $52, $d, $b7, $e, $1a, $e, $7b
	.byte $e, $d9, $f, $36, $f, $8f, $f, $e7, $10, $3c, $10, $8e, $10, $de, $11, $2b
	.byte $11, $76, $11, $be, $12, $3, $12, $46, $12, $85, $12, $c2, $12, $fc, $13, $33
	.byte $13, $67, $13, $98, $13, $c6, $13, $f1, $14, $19, $14, $3d, $14, $5f, $14, $7d
	.byte $14, $99, $14, $b1, $14, $c6, $14, $d8, $14, $e6, $14, $f1, $14, $fa, $14, $fe
; 22*sin(x)
	.byte $0, $0, $0, $8a, $1, $14, $1, $9e, $2, $28, $2, $b1, $3, $3a, $3, $c3
	.byte $4, $4b, $4, $d2, $5, $58, $5, $de, $6, $63, $6, $e7, $7, $69, $7, $eb
	.byte $8, $6b, $8, $ea, $9, $68, $9, $e4, $a, $5f, $a, $d8, $b, $4f, $b, $c5
	.byte $c, $39, $c, $ab, $d, $1b, $d, $89, $d, $f5, $e, $5f, $e, $c6, $f, $2b
	.byte $f, $8e, $f, $ef, $10, $4d, $10, $a9, $11, $2, $11, $58, $11, $ac, $11, $fd
	.byte $12, $4b, $12, $96, $12, $df, $13, $24, $13, $67, $13, $a7, $13, $e3, $14, $1d
	.byte $14, $53, $14, $87, $14, $b7, $14, $e4, $15, $d, $15, $34, $15, $57, $15, $77
	.byte $15, $94, $15, $ad, $15, $c3, $15, $d6, $15, $e5, $15, $f1, $15, $f9, $15, $fe
; 23*sin(x)
	.byte $0, $0, $0, $90, $1, $21, $1, $b1, $2, $41, $2, $d1, $3, $60, $3, $ef
	.byte $4, $7d, $5, $a, $5, $97, $6, $22, $6, $ad, $7, $37, $7, $c0, $8, $47
	.byte $8, $cd, $9, $52, $9, $d5, $a, $57, $a, $d8, $b, $56, $b, $d3, $c, $4e
	.byte $c, $c7, $d, $3e, $d, $b3, $e, $26, $e, $97, $f, $6, $f, $72, $f, $dc
	.byte $10, $43, $10, $a8, $11, $b, $11, $6a, $11, $c7, $12, $22, $12, $79, $12, $ce
	.byte $13, $20, $13, $6e, $13, $ba, $14, $3, $14, $49, $14, $8b, $14, $cb, $15, $7
	.byte $15, $40, $15, $75, $15, $a8, $15, $d7, $16, $2, $16, $2b, $16, $50, $16, $71
	.byte $16, $8f, $16, $a9, $16, $c0, $16, $d4, $16, $e4, $16, $f0, $16, $f9, $16, $fe
; 24*sin(x)
	.byte $0, $0, $0, $97, $1, $2d, $1, $c4, $2, $5a, $2, $f0, $3, $86, $4, $1a
	.byte $4, $af, $5, $42, $5, $d5, $6, $67, $6, $f8, $7, $87, $8, $16, $8, $a3
	.byte $9, $2f, $9, $ba, $a, $43, $a, $ca, $b, $50, $b, $d4, $c, $57, $c, $d7
	.byte $d, $55, $d, $d2, $e, $4c, $e, $c4, $f, $3a, $f, $ad, $10, $1e, $10, $8d
	.byte $10, $f8, $11, $62, $11, $c8, $12, $2c, $12, $8d, $12, $ec, $13, $47, $13, $9f
	.byte $13, $f5, $14, $47, $14, $96, $14, $e2, $15, $2b, $15, $70, $15, $b2, $15, $f1
	.byte $16, $2c, $16, $64, $16, $99, $16, $ca, $16, $f7, $17, $21, $17, $48, $17, $6b
	.byte $17, $8a, $17, $a6, $17, $be, $17, $d2, $17, $e2, $17, $ef, $17, $f9, $17, $fe
; 25*sin(x)
	.byte $0, $0, $0, $9d, $1, $3a, $1, $d7, $2, $73, $3, $f, $3, $ab, $4, $46
	.byte $4, $e1, $5, $7a, $6, $13, $6, $ab, $7, $42, $7, $d8, $8, $6c, $8, $ff
	.byte $9, $91, $a, $22, $a, $b0, $b, $3e, $b, $c9, $c, $53, $c, $da, $d, $60
	.byte $d, $e4, $e, $65, $e, $e4, $f, $61, $f, $dc, $10, $54, $10, $ca, $11, $3d
	.byte $11, $ad, $12, $1b, $12, $86, $12, $ee, $13, $53, $13, $b5, $14, $15, $14, $71
	.byte $14, $c9, $15, $1f, $15, $71, $15, $c1, $16, $c, $16, $55, $16, $9a, $16, $db
	.byte $17, $19, $17, $53, $17, $8a, $17, $bd, $17, $ec, $18, $18, $18, $40, $18, $64
	.byte $18, $85, $18, $a2, $18, $bb, $18, $d0, $18, $e1, $18, $ef, $18, $f8, $18, $fe
; 26*sin(x)
	.byte $0, $0, $0, $a3, $1, $47, $1, $ea, $2, $8c, $3, $2f, $3, $d1, $4, $72
	.byte $5, $13, $5, $b2, $6, $51, $6, $ef, $7, $8c, $8, $28, $8, $c2, $9, $5b
	.byte $9, $f3, $a, $89, $b, $1e, $b, $b1, $c, $42, $c, $d1, $d, $5e, $d, $e9
	.byte $e, $72, $e, $f9, $f, $7d, $f, $ff, $10, $7f, $10, $fc, $11, $76, $11, $ee
	.byte $12, $63, $12, $d5, $13, $44, $13, $b0, $14, $19, $14, $7f, $14, $e2, $15, $42
	.byte $15, $9e, $15, $f7, $16, $4d, $16, $9f, $16, $ee, $17, $39, $17, $81, $17, $c5
	.byte $18, $5, $18, $42, $18, $7b, $18, $b0, $18, $e1, $19, $f, $19, $39, $19, $5e
	.byte $19, $80, $19, $9e, $19, $b8, $19, $ce, $19, $e0, $19, $ee, $19, $f8, $19, $fe
; 27*sin(x)
	.byte $0, $0, $0, $aa, $1, $53, $1, $fc, $2, $a5, $3, $4e, $3, $f6, $4, $9e
	.byte $5, $44, $5, $ea, $6, $8f, $7, $34, $7, $d6, $8, $78, $9, $19, $9, $b8
	.byte $a, $55, $a, $f1, $b, $8b, $c, $24, $c, $ba, $d, $4f, $d, $e1, $e, $72
	.byte $f, $0, $f, $8c, $10, $15, $10, $9c, $11, $21, $11, $a3, $12, $22, $12, $9e
	.byte $13, $18, $13, $8e, $14, $1, $14, $72, $14, $df, $15, $49, $15, $b0, $16, $13
	.byte $16, $73, $16, $d0, $17, $29, $17, $7e, $17, $d0, $18, $1e, $18, $68, $18, $af
	.byte $18, $f2, $19, $31, $19, $6c, $19, $a3, $19, $d6, $1a, $6, $1a, $31, $1a, $58
	.byte $1a, $7b, $1a, $9a, $1a, $b5, $1a, $cc, $1a, $df, $1a, $ed, $1a, $f8, $1a, $fe
; 28*sin(x)
	.byte $0, $0, $0, $b0, $1, $60, $2, $f, $2, $bf, $3, $6d, $4, $1c, $4, $c9
	.byte $5, $76, $6, $23, $6, $ce, $7, $78, $8, $21, $8, $c8, $9, $6f, $a, $14
	.byte $a, $b7, $b, $59, $b, $f9, $c, $97, $d, $33, $d, $cd, $e, $65, $e, $fb
	.byte $f, $8e, $10, $1f, $10, $ae, $11, $3a, $11, $c3, $12, $4a, $12, $ce, $13, $4f
	.byte $13, $cd, $14, $47, $14, $bf, $15, $34, $15, $a5, $16, $13, $16, $7d, $16, $e4
	.byte $17, $48, $17, $a8, $18, $4, $18, $5d, $18, $b2, $19, $3, $19, $50, $19, $99
	.byte $19, $de, $1a, $20, $1a, $5d, $1a, $96, $1a, $cb, $1a, $fc, $1b, $29, $1b, $52
	.byte $1b, $76, $1b, $96, $1b, $b2, $1b, $ca, $1b, $dd, $1b, $ed, $1b, $f7, $1b, $fe
; 29*sin(x)
	.byte $0, $0, $0, $b6, $1, $6c, $2, $22, $2, $d8, $3, $8d, $4, $41, $4, $f5
	.byte $5, $a8, $6, $5b, $7, $c, $7, $bc, $8, $6b, $9, $19, $9, $c5, $a, $70
	.byte $b, $19, $b, $c1, $c, $66, $d, $a, $d, $ac, $e, $4b, $e, $e9, $f, $84
	.byte $10, $1d, $10, $b3, $11, $46, $11, $d7, $12, $66, $12, $f1, $13, $7a, $13, $ff
	.byte $14, $82, $15, $1, $15, $7d, $15, $f6, $16, $6b, $16, $dd, $17, $4b, $17, $b6
	.byte $18, $1d, $18, $80, $18, $e0, $19, $3c, $19, $93, $19, $e7, $1a, $37, $1a, $83
	.byte $1a, $cb, $1b, $f, $1b, $4e, $1b, $89, $1b, $c0, $1b, $f3, $1c, $22, $1c, $4c
	.byte $1c, $71, $1c, $93, $1c, $b0, $1c, $c8, $1c, $dc, $1c, $ec, $1c, $f7, $1c, $fe
; 30*sin(x)
	.byte $0, $0, $0, $bc, $1, $79, $2, $35, $2, $f1, $3, $ac, $4, $67, $5, $21
	.byte $5, $da, $6, $93, $7, $4a, $8, $0, $8, $b5, $9, $69, $a, $1b, $a, $cc
	.byte $b, $7b, $c, $28, $c, $d4, $d, $7d, $e, $24, $e, $c9, $f, $6c, $10, $d
	.byte $10, $ab, $11, $46, $11, $df, $12, $75, $13, $8, $13, $98, $14, $26, $14, $b0
	.byte $15, $37, $15, $ba, $16, $3b, $16, $b7, $17, $31, $17, $a7, $18, $19, $18, $87
	.byte $18, $f2, $19, $58, $19, $bb, $1a, $1a, $1a, $75, $1a, $cc, $1b, $1f, $1b, $6d
	.byte $1b, $b7, $1b, $fd, $1c, $3f, $1c, $7c, $1c, $b5, $1c, $ea, $1d, $1a, $1d, $45
	.byte $1d, $6c, $1d, $8f, $1d, $ad, $1d, $c6, $1d, $db, $1d, $eb, $1d, $f7, $1d, $fe
; 31*sin(x)
	.byte $0, $0, $0, $c3, $1, $85, $2, $48, $3, $a, $3, $cb, $4, $8c, $5, $4d
	.byte $6, $c, $6, $cb, $7, $88, $8, $45, $8, $ff, $9, $b9, $a, $72, $b, $28
	.byte $b, $dd, $c, $90, $d, $41, $d, $f0, $e, $9d, $f, $48, $f, $f0, $10, $96
	.byte $11, $39, $11, $da, $12, $77, $13, $12, $13, $ab, $14, $40, $14, $d1, $15, $60
	.byte $15, $ec, $16, $74, $16, $f8, $17, $79, $17, $f7, $18, $70, $18, $e6, $19, $58
	.byte $19, $c7, $1a, $31, $1a, $97, $1a, $f9, $1b, $57, $1b, $b1, $1c, $6, $1c, $57
	.byte $1c, $a4, $1c, $ec, $1d, $30, $1d, $6f, $1d, $aa, $1d, $e1, $1e, $12, $1e, $3f
	.byte $1e, $68, $1e, $8b, $1e, $aa, $1e, $c4, $1e, $da, $1e, $ea, $1e, $f6, $1e, $fe
; 32*sin(x)
	.byte $0, $0, $0, $c9, $1, $92, $2, $5b, $3, $23, $3, $eb, $4, $b2, $5, $79
	.byte $6, $3e, $7, $3, $7, $c6, $8, $89, $9, $4a, $a, $a, $a, $c8, $b, $84
	.byte $c, $3f, $c, $f8, $d, $af, $e, $63, $f, $16, $f, $c6, $10, $74, $11, $1f
	.byte $11, $c7, $12, $6d, $13, $10, $13, $b0, $14, $4d, $14, $e7, $15, $7d, $16, $11
	.byte $16, $a1, $17, $2d, $17, $b6, $18, $3b, $18, $bd, $19, $3a, $19, $b4, $1a, $2a
	.byte $1a, $9b, $1b, $9, $1b, $73, $1b, $d8, $1c, $39, $1c, $95, $1c, $ed, $1d, $41
	.byte $1d, $90, $1d, $db, $1e, $21, $1e, $63, $1e, $9f, $1e, $d7, $1f, $a, $1f, $39
	.byte $1f, $63, $1f, $87, $1f, $a7, $1f, $c2, $1f, $d9, $1f, $ea, $1f, $f6, $1f, $fe
; 33*sin(x)
	.byte $0, $0, $0, $cf, $1, $9f, $2, $6d, $3, $3c, $4, $a, $4, $d8, $5, $a4
	.byte $6, $70, $7, $3b, $8, $5, $8, $cd, $9, $94, $a, $5a, $b, $1e, $b, $e0
	.byte $c, $a1, $d, $5f, $e, $1c, $e, $d6, $f, $8e, $10, $44, $10, $f7, $11, $a8
	.byte $12, $55, $13, $0, $13, $a8, $14, $4d, $14, $ef, $15, $8e, $16, $29, $16, $c1
	.byte $17, $56, $17, $e6, $18, $74, $18, $fd, $19, $82, $1a, $4, $1a, $81, $1a, $fb
	.byte $1b, $70, $1b, $e1, $1c, $4e, $1c, $b6, $1d, $1a, $1d, $7a, $1d, $d5, $1e, $2b
	.byte $1e, $7d, $1e, $ca, $1f, $12, $1f, $56, $1f, $94, $1f, $ce, $20, $3, $20, $33
	.byte $20, $5e, $20, $84, $20, $a5, $20, $c0, $20, $d7, $20, $e9, $20, $f6, $20, $fd
; 34*sin(x)
	.byte $0, $0, $0, $d6, $1, $ab, $2, $80, $3, $55, $4, $29, $4, $fd, $5, $d0
	.byte $6, $a2, $7, $73, $8, $43, $9, $11, $9, $df, $a, $aa, $b, $74, $c, $3d
	.byte $d, $3, $d, $c7, $e, $89, $f, $49, $10, $7, $10, $c2, $11, $7b, $12, $31
	.byte $12, $e4, $13, $94, $14, $41, $14, $eb, $15, $92, $16, $35, $16, $d5, $17, $72
	.byte $18, $b, $18, $a0, $19, $31, $19, $bf, $1a, $48, $1a, $ce, $1b, $4f, $1b, $cc
	.byte $1c, $45, $1c, $ba, $1d, $2a, $1d, $95, $1d, $fc, $1e, $5f, $1e, $bc, $1f, $15
	.byte $1f, $69, $1f, $b9, $20, $3, $20, $49, $20, $89, $20, $c5, $20, $fb, $21, $2d
	.byte $21, $59, $21, $80, $21, $a2, $21, $bf, $21, $d6, $21, $e8, $21, $f6, $21, $fd
; 35*sin(x)
	.byte $0, $0, $0, $dc, $1, $b8, $2, $93, $3, $6e, $4, $49, $5, $23, $5, $fc
	.byte $6, $d4, $7, $ab, $8, $81, $9, $56, $a, $29, $a, $fb, $b, $cb, $c, $99
	.byte $d, $65, $e, $2f, $e, $f7, $f, $bd, $10, $80, $11, $40, $11, $fe, $12, $ba
	.byte $13, $72, $14, $27, $14, $d9, $15, $88, $16, $34, $16, $dc, $17, $81, $18, $22
	.byte $18, $c0, $19, $59, $19, $ef, $1a, $81, $1b, $e, $1b, $98, $1c, $1d, $1c, $9e
	.byte $1d, $1a, $1d, $92, $1e, $5, $1e, $74, $1e, $de, $1f, $43, $1f, $a4, $1f, $ff
	.byte $20, $56, $20, $a8, $20, $f4, $21, $3c, $21, $7e, $21, $bb, $21, $f3, $22, $26
	.byte $22, $54, $22, $7c, $22, $9f, $22, $bd, $22, $d5, $22, $e8, $22, $f5, $22, $fd
; 36*sin(x)
	.byte $0, $0, $0, $e2, $1, $c4, $2, $a6, $3, $87, $4, $68, $5, $48, $6, $28
	.byte $7, $6, $7, $e3, $8, $bf, $9, $9a, $a, $73, $b, $4b, $c, $21, $c, $f5
	.byte $d, $c7, $e, $97, $f, $64, $10, $30, $10, $f8, $11, $bf, $12, $82, $13, $43
	.byte $14, $0, $14, $bb, $15, $72, $16, $26, $16, $d7, $17, $84, $18, $2d, $18, $d3
	.byte $19, $75, $1a, $13, $1a, $ad, $1b, $42, $1b, $d4, $1c, $61, $1c, $ea, $1d, $6f
	.byte $1d, $ef, $1e, $6a, $1e, $e1, $1f, $53, $1f, $c0, $20, $28, $20, $8b, $20, $e9
	.byte $21, $42, $21, $96, $21, $e5, $22, $2f, $22, $73, $22, $b2, $22, $ec, $23, $20
	.byte $23, $4f, $23, $78, $23, $9c, $23, $bb, $23, $d4, $23, $e7, $23, $f5, $23, $fd
; 37*sin(x)
	.byte $0, $0, $0, $e8, $1, $d1, $2, $b9, $3, $a0, $4, $87, $5, $6e, $6, $53
	.byte $7, $38, $8, $1b, $8, $fe, $9, $de, $a, $be, $b, $9b, $c, $77, $d, $51
	.byte $e, $29, $e, $fe, $f, $d2, $10, $a3, $11, $71, $12, $3d, $13, $6, $13, $cb
	.byte $14, $8e, $15, $4e, $16, $a, $16, $c3, $17, $79, $18, $2b, $18, $d9, $19, $83
	.byte $1a, $2a, $1a, $cc, $1b, $6a, $1c, $4, $1c, $9a, $1d, $2b, $1d, $b8, $1e, $40
	.byte $1e, $c4, $1f, $42, $1f, $bc, $20, $31, $20, $a2, $21, $d, $21, $73, $21, $d3
	.byte $22, $2f, $22, $85, $22, $d6, $23, $22, $23, $68, $23, $a9, $23, $e4, $24, $1a
	.byte $24, $4a, $24, $75, $24, $99, $24, $b9, $24, $d2, $24, $e6, $24, $f5, $24, $fd
; 38*sin(x)
	.byte $0, $0, $0, $ef, $1, $dd, $2, $cc, $3, $ba, $4, $a7, $5, $93, $6, $7f
	.byte $7, $6a, $8, $53, $9, $3c, $a, $23, $b, $8, $b, $eb, $c, $cd, $d, $ad
	.byte $e, $8b, $f, $66, $10, $3f, $11, $16, $11, $ea, $12, $bb, $13, $89, $14, $54
	.byte $15, $1d, $15, $e1, $16, $a3, $17, $61, $18, $1b, $18, $d2, $19, $85, $1a, $34
	.byte $1a, $df, $1b, $85, $1c, $28, $1c, $c6, $1d, $60, $1d, $f5, $1e, $86, $1f, $11
	.byte $1f, $99, $20, $1b, $20, $98, $21, $10, $21, $83, $21, $f1, $22, $5a, $22, $bd
	.byte $23, $1c, $23, $74, $23, $c7, $24, $15, $24, $5d, $24, $a0, $24, $dc, $25, $14
	.byte $25, $45, $25, $71, $25, $97, $25, $b7, $25, $d1, $25, $e6, $25, $f4, $25, $fd
; 39*sin(x)
	.byte $0, $0, $0, $f5, $1, $ea, $2, $de, $3, $d3, $4, $c6, $5, $b9, $6, $ab
	.byte $7, $9c, $8, $8c, $9, $7a, $a, $67, $b, $52, $c, $3c, $d, $24, $e, $9
	.byte $e, $ed, $f, $ce, $10, $ad, $11, $89, $12, $62, $13, $39, $14, $d, $14, $dd
	.byte $15, $ab, $16, $75, $17, $3b, $17, $fe, $18, $be, $19, $79, $1a, $31, $1a, $e4
	.byte $1b, $94, $1c, $3f, $1c, $e6, $1d, $88, $1e, $26, $1e, $bf, $1f, $53, $1f, $e3
	.byte $20, $6d, $20, $f3, $21, $74, $21, $ef, $22, $65, $22, $d6, $23, $41, $23, $a7
	.byte $24, $8, $24, $63, $24, $b8, $25, $8, $25, $52, $25, $96, $25, $d5, $26, $d
	.byte $26, $40, $26, $6d, $26, $94, $26, $b5, $26, $d0, $26, $e5, $26, $f4, $26, $fd
; 40*sin(x)
	.byte $0, $0, $0, $fb, $1, $f6, $2, $f1, $3, $ec, $4, $e5, $5, $df, $6, $d7
	.byte $7, $ce, $8, $c4, $9, $b8, $a, $ab, $b, $9d, $c, $8c, $d, $7a, $e, $65
	.byte $f, $4f, $10, $36, $11, $1a, $11, $fc, $12, $db, $13, $b7, $14, $90, $15, $66
	.byte $16, $39, $17, $8, $17, $d4, $18, $9c, $19, $60, $1a, $20, $1a, $dd, $1b, $95
	.byte $1c, $49, $1c, $f8, $1d, $a3, $1e, $4a, $1e, $ec, $1f, $89, $20, $21, $20, $b4
	.byte $21, $42, $21, $cb, $22, $4f, $22, $ce, $23, $47, $23, $bb, $24, $29, $24, $92
	.byte $24, $f5, $25, $52, $25, $a9, $25, $fb, $26, $47, $26, $8d, $26, $cd, $27, $7
	.byte $27, $3b, $27, $69, $27, $91, $27, $b3, $27, $cf, $27, $e4, $27, $f4, $27, $fd
; 41*sin(x)
	.byte $0, $0, $1, $2, $2, $3, $3, $4, $4, $5, $5, $5, $6, $4, $7, $2
	.byte $7, $ff, $8, $fc, $9, $f6, $a, $ef, $b, $e7, $c, $dc, $d, $d0, $e, $c1
	.byte $f, $b1, $10, $9d, $11, $88, $12, $6f, $13, $54, $14, $35, $15, $14, $15, $ef
	.byte $16, $c7, $17, $9c, $18, $6c, $19, $39, $1a, $3, $1a, $c8, $1b, $89, $1c, $45
	.byte $1c, $fe, $1d, $b2, $1e, $61, $1f, $c, $1f, $b2, $20, $52, $20, $ee, $21, $85
	.byte $22, $17, $22, $a4, $23, $2b, $23, $ac, $24, $29, $24, $9f, $25, $10, $25, $7c
	.byte $25, $e1, $26, $41, $26, $9a, $26, $ee, $27, $3c, $27, $84, $27, $c5, $28, $1
	.byte $28, $36, $28, $65, $28, $8e, $28, $b1, $28, $cd, $28, $e4, $28, $f3, $28, $fd
; 42*sin(x)
	.byte $0, $0, $1, $8, $2, $10, $3, $17, $4, $1e, $5, $24, $6, $2a, $7, $2e
	.byte $8, $32, $9, $34, $a, $35, $b, $34, $c, $31, $d, $2d, $e, $26, $f, $1e
	.byte $10, $13, $11, $5, $11, $f5, $12, $e2, $13, $cc, $14, $b4, $15, $98, $16, $78
	.byte $17, $55, $18, $2f, $19, $5, $19, $d7, $1a, $a5, $1b, $6f, $1c, $35, $1c, $f6
	.byte $1d, $b3, $1e, $6b, $1f, $1f, $1f, $ce, $20, $77, $21, $1c, $21, $bc, $22, $57
	.byte $22, $ec, $23, $7c, $24, $6, $24, $8b, $25, $a, $25, $84, $25, $f8, $26, $66
	.byte $26, $ce, $27, $30, $27, $8b, $27, $e1, $28, $31, $28, $7b, $28, $be, $28, $fb
	.byte $29, $31, $29, $62, $29, $8c, $29, $af, $29, $cc, $29, $e3, $29, $f3, $29, $fd
; 43*sin(x)
	.byte $0, $0, $1, $e, $2, $1c, $3, $2a, $4, $37, $5, $43, $6, $4f, $7, $5a
	.byte $8, $64, $9, $6c, $a, $73, $b, $78, $c, $7b, $d, $7d, $e, $7c, $f, $7a
	.byte $10, $75, $11, $6d, $12, $63, $13, $55, $14, $45, $15, $32, $16, $1b, $17, $1
	.byte $17, $e4, $18, $c2, $19, $9d, $1a, $74, $1b, $47, $1c, $16, $1c, $e1, $1d, $a6
	.byte $1e, $68, $1f, $25, $1f, $dc, $20, $8f, $21, $3d, $21, $e6, $22, $8a, $23, $28
	.byte $23, $c1, $24, $54, $24, $e2, $25, $6a, $25, $ec, $26, $69, $26, $df, $27, $50
	.byte $27, $ba, $28, $1e, $28, $7d, $28, $d4, $29, $26, $29, $71, $29, $b6, $29, $f5
	.byte $2a, $2c, $2a, $5e, $2a, $89, $2a, $ad, $2a, $cb, $2a, $e2, $2a, $f3, $2a, $fd
; 44*sin(x)
	.byte $0, $0, $1, $14, $2, $29, $3, $3d, $4, $50, $5, $63, $6, $75, $7, $86
	.byte $8, $95, $9, $a4, $a, $b1, $b, $bc, $c, $c6, $d, $cd, $e, $d3, $f, $d6
	.byte $10, $d7, $11, $d5, $12, $d0, $13, $c8, $14, $be, $15, $b0, $16, $9f, $17, $8a
	.byte $18, $72, $19, $56, $1a, $36, $1b, $12, $1b, $ea, $1c, $bd, $1d, $8c, $1e, $57
	.byte $1f, $1d, $1f, $de, $20, $9a, $21, $51, $22, $3, $22, $b0, $23, $57, $23, $f9
	.byte $24, $96, $25, $2c, $25, $bd, $26, $49, $26, $ce, $27, $4d, $27, $c7, $28, $3a
	.byte $28, $a7, $29, $d, $29, $6e, $29, $c7, $2a, $1b, $2a, $68, $2a, $ae, $2a, $ee
	.byte $2b, $28, $2b, $5a, $2b, $86, $2b, $ab, $2b, $ca, $2b, $e1, $2b, $f2, $2b, $fd
; 45*sin(x)
	.byte $0, $0, $1, $1b, $2, $35, $3, $4f, $4, $69, $5, $82, $6, $9a, $7, $b1
	.byte $8, $c7, $9, $dc, $a, $ef, $c, $1, $d, $10, $e, $1e, $f, $29, $10, $32
	.byte $11, $39, $12, $3c, $13, $3d, $14, $3c, $15, $36, $16, $2e, $17, $22, $18, $13
	.byte $19, $0, $19, $e9, $1a, $ce, $1b, $af, $1c, $8c, $1d, $65, $1e, $38, $1f, $8
	.byte $1f, $d2, $20, $97, $21, $58, $22, $13, $22, $c9, $23, $7a, $24, $25, $24, $cb
	.byte $25, $6b, $26, $5, $26, $99, $27, $27, $27, $b0, $28, $32, $28, $ae, $29, $24
	.byte $29, $93, $29, $fc, $2a, $5f, $2a, $bb, $2b, $10, $2b, $5f, $2b, $a7, $2b, $e8
	.byte $2c, $23, $2c, $56, $2c, $83, $2c, $a9, $2c, $c9, $2c, $e1, $2c, $f2, $2c, $fd
; 46*sin(x)
	.byte $0, $0, $1, $21, $2, $42, $3, $62, $4, $82, $5, $a2, $6, $c0, $7, $dd
	.byte $8, $f9, $a, $14, $b, $2d, $c, $45, $d, $5a, $e, $6e, $f, $7f, $10, $8e
	.byte $11, $9a, $12, $a4, $13, $ab, $14, $af, $15, $af, $16, $ac, $17, $a6, $18, $9c
	.byte $19, $8e, $1a, $7d, $1b, $67, $1c, $4d, $1d, $2f, $1e, $c, $1e, $e4, $1f, $b8
	.byte $20, $87, $21, $51, $22, $15, $22, $d5, $23, $8f, $24, $44, $24, $f3, $25, $9c
	.byte $26, $3f, $26, $dd, $27, $75, $28, $6, $28, $92, $29, $17, $29, $95, $2a, $e
	.byte $2a, $80, $2a, $eb, $2b, $50, $2b, $ae, $2c, $5, $2c, $55, $2c, $9f, $2c, $e2
	.byte $2d, $1e, $2d, $53, $2d, $81, $2d, $a7, $2d, $c7, $2d, $e0, $2d, $f2, $2d, $fc
; 47*sin(x)
	.byte $0, $0, $1, $27, $2, $4e, $3, $75, $4, $9b, $5, $c1, $6, $e5, $8, $9
	.byte $9, $2b, $a, $4c, $b, $6c, $c, $89, $d, $a5, $e, $be, $f, $d5, $10, $ea
	.byte $11, $fc, $13, $c, $14, $18, $15, $22, $16, $28, $17, $2b, $18, $2a, $19, $25
	.byte $1a, $1d, $1b, $10, $1b, $ff, $1c, $ea, $1d, $d1, $1e, $b3, $1f, $90, $20, $69
	.byte $21, $3c, $22, $a, $22, $d3, $23, $97, $24, $55, $25, $d, $25, $c0, $26, $6d
	.byte $27, $14, $27, $b5, $28, $50, $28, $e5, $29, $73, $29, $fb, $2a, $7d, $2a, $f8
	.byte $2b, $6c, $2b, $da, $2c, $41, $2c, $a1, $2c, $fa, $2d, $4c, $2d, $97, $2d, $dc
	.byte $2e, $19, $2e, $4f, $2e, $7e, $2e, $a6, $2e, $c6, $2e, $df, $2e, $f2, $2e, $fc
; 48*sin(x)
	.byte $0, $0, $1, $2e, $2, $5b, $3, $88, $4, $b4, $5, $e0, $7, $b, $8, $35
	.byte $9, $5d, $a, $84, $b, $aa, $c, $cd, $d, $ef, $f, $f, $10, $2c, $11, $46
	.byte $12, $5e, $13, $74, $14, $86, $15, $95, $16, $a1, $17, $a9, $18, $ad, $19, $ae
	.byte $1a, $ab, $1b, $a4, $1c, $98, $1d, $88, $1e, $73, $1f, $5a, $20, $3c, $21, $19
	.byte $21, $f1, $22, $c4, $23, $91, $24, $59, $25, $1b, $25, $d7, $26, $8e, $27, $3e
	.byte $27, $e9, $28, $8e, $29, $2c, $29, $c4, $2a, $55, $2a, $e0, $2b, $64, $2b, $e2
	.byte $2c, $59, $2c, $c9, $2d, $32, $2d, $94, $2d, $ef, $2e, $43, $2e, $90, $2e, $d5
	.byte $2f, $14, $2f, $4b, $2f, $7b, $2f, $a4, $2f, $c5, $2f, $df, $2f, $f1, $2f, $fc
; 49*sin(x)
	.byte $0, $0, $1, $34, $2, $68, $3, $9b, $4, $ce, $5, $ff, $7, $31, $8, $61
	.byte $9, $8f, $a, $bc, $b, $e8, $d, $12, $e, $39, $f, $5f, $10, $82, $11, $a3
	.byte $12, $c0, $13, $db, $14, $f3, $16, $8, $17, $19, $18, $27, $19, $31, $1a, $37
	.byte $1b, $39, $1c, $37, $1d, $30, $1e, $25, $1f, $16, $20, $1, $20, $e8, $21, $ca
	.byte $22, $a6, $23, $7d, $24, $4e, $25, $1a, $25, $e1, $26, $a1, $27, $5b, $28, $10
	.byte $28, $be, $29, $66, $2a, $7, $2a, $a2, $2b, $37, $2b, $c5, $2c, $4c, $2c, $cc
	.byte $2d, $45, $2d, $b7, $2e, $23, $2e, $87, $2e, $e4, $2f, $3a, $2f, $88, $2f, $cf
	.byte $30, $f, $30, $47, $30, $78, $30, $a2, $30, $c4, $30, $de, $30, $f1, $30, $fc
; 50*sin(x)
	.byte $0, $0, $1, $3a, $2, $74, $3, $ae, $4, $e7, $6, $1f, $7, $56, $8, $8c
	.byte $9, $c1, $a, $f4, $c, $26, $d, $56, $e, $84, $f, $af, $10, $d8, $11, $ff
	.byte $13, $22, $14, $43, $15, $61, $16, $7b, $17, $92, $18, $a5, $19, $b5, $1a, $c0
	.byte $1b, $c7, $1c, $ca, $1d, $c9, $1e, $c3, $1f, $b8, $20, $a9, $21, $94, $22, $7a
	.byte $23, $5b, $24, $36, $25, $c, $25, $dc, $26, $a7, $27, $6b, $28, $29, $28, $e1
	.byte $29, $93, $2a, $3e, $2a, $e3, $2b, $81, $2c, $19, $2c, $a9, $2d, $33, $2d, $b6
	.byte $2e, $32, $2e, $a6, $2f, $14, $2f, $7a, $2f, $d9, $30, $30, $30, $80, $30, $c9
	.byte $31, $a, $31, $44, $31, $75, $31, $a0, $31, $c2, $31, $dd, $31, $f1, $31, $fc
; 51*sin(x)
	.byte $0, $0, $1, $40, $2, $81, $3, $c0, $4, $ff, $6, $3e, $7, $7c, $8, $b8
	.byte $9, $f3, $b, $2d, $c, $64, $d, $9a, $e, $ce, $f, $ff, $11, $2e, $12, $5b
	.byte $13, $84, $14, $ab, $15, $ce, $16, $ee, $18, $b, $19, $23, $1a, $38, $1b, $49
	.byte $1c, $56, $1d, $5e, $1e, $61, $1f, $60, $20, $5b, $21, $50, $22, $40, $23, $2b
	.byte $24, $10, $24, $f0, $25, $ca, $26, $9e, $27, $6c, $28, $35, $28, $f7, $29, $b2
	.byte $2a, $68, $2b, $16, $2b, $bf, $2c, $60, $2c, $fa, $2d, $8e, $2e, $1a, $2e, $a0
	.byte $2f, $1e, $2f, $95, $30, $5, $30, $6d, $30, $ce, $31, $27, $31, $79, $31, $c3
	.byte $32, $5, $32, $40, $32, $73, $32, $9e, $32, $c1, $32, $dd, $32, $f0, $32, $fc
; 52*sin(x)
	.byte $0, $0, $1, $47, $2, $8d, $3, $d3, $5, $19, $6, $5e, $7, $a1, $8, $e4
	.byte $a, $25, $b, $65, $c, $a3, $d, $de, $f, $18, $10, $50, $11, $85, $12, $b7
	.byte $13, $e6, $15, $13, $16, $3c, $17, $61, $18, $83, $19, $a1, $1a, $bc, $1b, $d2
	.byte $1c, $e4, $1d, $f1, $1e, $fa, $1f, $fe, $20, $fd, $21, $f7, $22, $ec, $23, $db
	.byte $24, $c5, $25, $a9, $26, $88, $27, $60, $28, $32, $28, $fe, $29, $c4, $2a, $84
	.byte $2b, $3d, $2b, $ef, $2c, $9a, $2d, $3f, $2d, $dc, $2e, $73, $2f, $2, $2f, $8a
	.byte $30, $b, $30, $84, $30, $f6, $31, $60, $31, $c3, $32, $1e, $32, $71, $32, $bd
	.byte $33, $0, $33, $3c, $33, $70, $33, $9c, $33, $c0, $33, $dc, $33, $f0, $33, $fc
; 53*sin(x)
	.byte $0, $0, $1, $4d, $2, $9a, $3, $e6, $5, $32, $6, $7d, $7, $c7, $9, $10
	.byte $a, $57, $b, $9d, $c, $e1, $e, $23, $f, $63, $10, $a0, $11, $db, $13, $13
	.byte $14, $48, $15, $7a, $16, $a9, $17, $d4, $18, $fc, $1a, $20, $1b, $3f, $1c, $5b
	.byte $1d, $72, $1e, $85, $1f, $92, $20, $9b, $21, $9f, $22, $9e, $23, $98, $24, $8c
	.byte $25, $7a, $26, $63, $27, $45, $28, $22, $28, $f8, $29, $c8, $2a, $92, $2b, $55
	.byte $2c, $11, $2c, $c7, $2d, $76, $2e, $1d, $2e, $be, $2f, $57, $2f, $e9, $30, $74
	.byte $30, $f7, $31, $73, $31, $e7, $32, $53, $32, $b8, $33, $15, $33, $69, $33, $b6
	.byte $33, $fb, $34, $38, $34, $6d, $34, $9a, $34, $bf, $34, $db, $34, $f0, $34, $fc
; 54*sin(x)
	.byte $0, $0, $1, $53, $2, $a6, $3, $f9, $5, $4b, $6, $9c, $7, $ec, $9, $3b
	.byte $a, $89, $b, $d5, $d, $1f, $e, $67, $f, $ad, $10, $f0, $12, $31, $13, $6f
	.byte $14, $aa, $15, $e2, $17, $17, $18, $47, $19, $75, $1a, $9e, $1b, $c3, $1c, $e4
	.byte $1e, $0, $1f, $18, $20, $2b, $21, $39, $22, $42, $23, $45, $24, $44, $25, $3c
	.byte $26, $2f, $27, $1c, $28, $3, $28, $e4, $29, $be, $2a, $92, $2b, $60, $2c, $26
	.byte $2c, $e6, $2d, $9f, $2e, $51, $2e, $fc, $2f, $a0, $30, $3c, $30, $d1, $31, $5e
	.byte $31, $e4, $32, $62, $32, $d8, $33, $46, $33, $ad, $34, $b, $34, $62, $34, $b0
	.byte $34, $f6, $35, $34, $35, $6a, $35, $98, $35, $bd, $35, $db, $35, $ef, $35, $fc
; 55*sin(x)
	.byte $0, $0, $1, $5a, $2, $b3, $4, $c, $5, $64, $6, $bc, $8, $12, $9, $67
	.byte $a, $bb, $c, $d, $d, $5d, $e, $ab, $f, $f7, $11, $41, $12, $87, $13, $cb
	.byte $15, $c, $16, $4a, $17, $84, $18, $bb, $19, $ed, $1b, $1c, $1c, $47, $1d, $6d
	.byte $1e, $8e, $1f, $ab, $20, $c3, $21, $d6, $22, $e4, $23, $ed, $24, $f0, $25, $ed
	.byte $26, $e4, $27, $d5, $28, $c1, $29, $a6, $2a, $84, $2b, $5c, $2c, $2d, $2c, $f8
	.byte $2d, $bb, $2e, $78, $2f, $2d, $2f, $db, $30, $81, $31, $21, $31, $b8, $32, $48
	.byte $32, $d0, $33, $51, $33, $c9, $34, $39, $34, $a2, $35, $2, $35, $5a, $35, $aa
	.byte $35, $f1, $36, $31, $36, $68, $36, $96, $36, $bc, $36, $da, $36, $ef, $36, $fc
; 56*sin(x)
	.byte $0, $0, $1, $60, $2, $bf, $4, $1f, $5, $7d, $6, $db, $8, $38, $9, $93
	.byte $a, $ed, $c, $45, $d, $9b, $e, $f0, $10, $42, $11, $91, $12, $de, $14, $27
	.byte $15, $6e, $16, $b2, $17, $f1, $19, $2e, $1a, $66, $1b, $9a, $1c, $ca, $1d, $f6
	.byte $1f, $1d, $20, $3f, $21, $5c, $22, $74, $23, $87, $24, $94, $25, $9b, $26, $9d
	.byte $27, $99, $28, $8f, $29, $7e, $2a, $67, $2b, $4a, $2c, $26, $2c, $fb, $2d, $c9
	.byte $2e, $90, $2f, $50, $30, $8, $30, $ba, $31, $63, $32, $5, $32, $a0, $33, $32
	.byte $33, $bd, $34, $3f, $34, $ba, $35, $2c, $35, $97, $35, $f9, $36, $52, $36, $a4
	.byte $36, $ed, $37, $2d, $37, $65, $37, $94, $37, $bb, $37, $d9, $37, $ef, $37, $fc
; 57*sin(x)
	.byte $0, $0, $1, $66, $2, $cc, $4, $31, $5, $96, $6, $fa, $8, $5d, $9, $bf
	.byte $b, $1f, $c, $7d, $d, $da, $f, $34, $10, $8c, $11, $e1, $13, $34, $14, $84
	.byte $15, $d0, $17, $19, $18, $5f, $19, $a1, $1a, $df, $1c, $18, $1d, $4e, $1e, $7f
	.byte $1f, $ab, $20, $d2, $21, $f4, $23, $11, $24, $29, $25, $3b, $26, $47, $27, $4e
	.byte $28, $4e, $29, $48, $2a, $3c, $2b, $29, $2c, $10, $2c, $f0, $2d, $c8, $2e, $9a
	.byte $2f, $65, $30, $28, $30, $e4, $31, $98, $32, $45, $32, $ea, $33, $87, $34, $1c
	.byte $34, $a9, $35, $2e, $35, $ab, $36, $20, $36, $8c, $36, $ef, $37, $4b, $37, $9d
	.byte $37, $e8, $38, $29, $38, $62, $38, $92, $38, $ba, $38, $d8, $38, $ee, $38, $fc
; 58*sin(x)
	.byte $0, $0, $1, $6c, $2, $d9, $4, $44, $5, $af, $7, $1a, $8, $83, $9, $ea
	.byte $b, $51, $c, $b5, $e, $18, $f, $78, $10, $d6, $12, $32, $13, $8a, $14, $e0
	.byte $16, $32, $17, $81, $18, $cc, $1a, $14, $1b, $57, $1c, $97, $1d, $d1, $1f, $8
	.byte $20, $39, $21, $66, $22, $8d, $23, $af, $24, $cb, $25, $e2, $26, $f3, $27, $fe
	.byte $29, $3, $2a, $2, $2a, $fa, $2b, $eb, $2c, $d6, $2d, $b9, $2e, $96, $2f, $6b
	.byte $30, $3a, $31, $0, $31, $c0, $32, $77, $33, $27, $33, $cf, $34, $6e, $35, $6
	.byte $35, $96, $36, $1d, $36, $9c, $37, $13, $37, $81, $37, $e6, $38, $43, $38, $97
	.byte $38, $e3, $39, $25, $39, $5f, $39, $90, $39, $b9, $39, $d8, $39, $ee, $39, $fc
; 59*sin(x)
	.byte $0, $0, $1, $73, $2, $e5, $4, $57, $5, $c8, $7, $39, $8, $a8, $a, $16
	.byte $b, $83, $c, $ed, $e, $56, $f, $bc, $11, $20, $12, $82, $13, $e0, $15, $3c
	.byte $16, $94, $17, $e9, $19, $3a, $1a, $87, $1b, $d0, $1d, $15, $1e, $55, $1f, $91
	.byte $20, $c7, $21, $f9, $23, $25, $24, $4c, $25, $6e, $26, $8a, $27, $9f, $28, $af
	.byte $29, $b8, $2a, $bb, $2b, $b7, $2c, $ad, $2d, $9c, $2e, $83, $2f, $64, $30, $3d
	.byte $31, $f, $31, $d9, $32, $9b, $33, $56, $34, $9, $34, $b3, $35, $56, $35, $f0
	.byte $36, $82, $37, $c, $37, $8d, $38, $6, $38, $76, $38, $dd, $39, $3b, $39, $91
	.byte $39, $de, $3a, $22, $3a, $5d, $3a, $8e, $3a, $b7, $3a, $d7, $3a, $ee, $3a, $fb
; 60*sin(x)
	.byte $0, $0, $1, $79, $2, $f2, $4, $6a, $5, $e2, $7, $58, $8, $ce, $a, $42
	.byte $b, $b5, $d, $25, $e, $94, $10, $1, $11, $6b, $12, $d2, $14, $37, $15, $98
	.byte $16, $f6, $18, $51, $19, $a7, $1a, $fa, $1c, $49, $1d, $93, $1e, $d9, $20, $1a
	.byte $21, $56, $22, $8c, $23, $be, $24, $ea, $26, $10, $27, $31, $28, $4b, $29, $5f
	.byte $2a, $6d, $2b, $74, $2c, $75, $2d, $6f, $2e, $61, $2f, $4d, $30, $31, $31, $e
	.byte $31, $e3, $32, $b1, $33, $77, $34, $35, $34, $ea, $35, $98, $36, $3d, $36, $da
	.byte $37, $6f, $37, $fb, $38, $7e, $38, $f9, $39, $6b, $39, $d4, $3a, $34, $3a, $8b
	.byte $3a, $d9, $3b, $1e, $3b, $5a, $3b, $8c, $3b, $b6, $3b, $d6, $3b, $ed, $3b, $fb
; 61*sin(x)
	.byte $0, $0, $1, $7f, $2, $fe, $4, $7d, $5, $fb, $7, $78, $8, $f3, $a, $6e
	.byte $b, $e7, $d, $5d, $e, $d2, $10, $45, $11, $b5, $13, $22, $14, $8d, $15, $f4
	.byte $17, $58, $18, $b8, $1a, $15, $1b, $6d, $1c, $c1, $1e, $11, $1f, $5c, $20, $a3
	.byte $21, $e4, $23, $20, $24, $56, $25, $87, $26, $b3, $27, $d8, $28, $f7, $2a, $10
	.byte $2b, $22, $2c, $2e, $2d, $33, $2e, $31, $2f, $27, $30, $17, $30, $ff, $31, $df
	.byte $32, $b8, $33, $89, $34, $52, $35, $13, $35, $cc, $36, $7d, $37, $25, $37, $c4
	.byte $38, $5b, $38, $ea, $39, $6f, $39, $ec, $3a, $60, $3a, $ca, $3b, $2c, $3b, $85
	.byte $3b, $d4, $3c, $1a, $3c, $57, $3c, $8b, $3c, $b5, $3c, $d6, $3c, $ed, $3c, $fb
; 62*sin(x)
	.byte $0, $0, $1, $86, $3, $b, $4, $90, $6, $14, $7, $97, $9, $19, $a, $9a
	.byte $c, $18, $d, $96, $f, $11, $10, $89, $11, $ff, $13, $73, $14, $e3, $16, $50
	.byte $17, $ba, $19, $20, $1a, $82, $1b, $e0, $1d, $3a, $1e, $8f, $1f, $e0, $21, $2b
	.byte $22, $72, $23, $b3, $24, $ef, $26, $25, $27, $55, $28, $7f, $29, $a3, $2a, $c0
	.byte $2b, $d7, $2c, $e7, $2d, $f0, $2e, $f2, $2f, $ed, $30, $e1, $31, $cd, $32, $b1
	.byte $33, $8d, $34, $62, $35, $2e, $35, $f2, $36, $ae, $37, $61, $38, $c, $38, $ae
	.byte $39, $48, $39, $d8, $3a, $60, $3a, $df, $3b, $55, $3b, $c1, $3c, $24, $3c, $7e
	.byte $3c, $cf, $3d, $16, $3d, $54, $3d, $89, $3d, $b4, $3d, $d5, $3d, $ed, $3d, $fb
; 63*sin(x)
	.byte $0, $0, $1, $8c, $3, $17, $4, $a2, $6, $2d, $7, $b6, $9, $3e, $a, $c5
	.byte $c, $4a, $d, $ce, $f, $4f, $10, $ce, $12, $4a, $13, $c3, $15, $39, $16, $ac
	.byte $18, $1c, $19, $88, $1a, $f0, $1c, $53, $1d, $b3, $1f, $d, $20, $63, $21, $b4
	.byte $23, $0, $24, $47, $25, $87, $26, $c2, $27, $f7, $29, $26, $2a, $4f, $2b, $71
	.byte $2c, $8c, $2d, $a1, $2e, $ae, $2f, $b4, $30, $b3, $31, $aa, $32, $9a, $33, $82
	.byte $34, $62, $35, $3a, $36, $9, $36, $d1, $37, $90, $38, $46, $38, $f4, $39, $98
	.byte $3a, $34, $3a, $c7, $3b, $51, $3b, $d2, $3c, $4a, $3c, $b8, $3d, $1d, $3d, $78
	.byte $3d, $ca, $3e, $13, $3e, $51, $3e, $87, $3e, $b2, $3e, $d4, $3e, $ed, $3e, $fb
; 64*sin(x)
	.byte $0, $0, $1, $92, $3, $24, $4, $b5, $6, $46, $7, $d6, $9, $64, $a, $f1
	.byte $c, $7c, $e, $6, $f, $8d, $11, $12, $12, $94, $14, $13, $15, $90, $17, $9
	.byte $18, $7e, $19, $ef, $1b, $5d, $1c, $c6, $1e, $2b, $1f, $8c, $20, $e7, $22, $3d
	.byte $23, $8e, $24, $da, $26, $20, $27, $60, $28, $9a, $29, $ce, $2a, $fb, $2c, $21
	.byte $2d, $41, $2e, $5a, $2f, $6c, $30, $76, $31, $79, $32, $74, $33, $68, $34, $53
	.byte $35, $37, $36, $12, $36, $e5, $37, $b0, $38, $71, $39, $2b, $39, $db, $3a, $82
	.byte $3b, $21, $3b, $b6, $3c, $42, $3c, $c5, $3d, $3f, $3d, $af, $3e, $15, $3e, $72
	.byte $3e, $c5, $3f, $f, $3f, $4f, $3f, $85, $3f, $b1, $3f, $d4, $3f, $ec, $3f, $fb
; 65*sin(x)
	.byte $0, $0, $1, $98, $3, $30, $4, $c8, $6, $5f, $7, $f5, $9, $8a, $b, $1d
	.byte $c, $ae, $e, $3e, $f, $cb, $11, $56, $12, $de, $14, $64, $15, $e6, $17, $65
	.byte $18, $e0, $1a, $57, $1b, $cb, $1d, $3a, $1e, $a4, $20, $a, $21, $6b, $22, $c6
	.byte $24, $1d, $25, $6d, $26, $b8, $27, $fd, $29, $3c, $2a, $75, $2b, $a7, $2c, $d2
	.byte $2d, $f6, $2f, $13, $30, $29, $31, $38, $32, $3f, $33, $3e, $34, $35, $35, $25
	.byte $36, $c, $36, $ea, $37, $c1, $38, $8e, $39, $53, $3a, $f, $3a, $c2, $3b, $6c
	.byte $3c, $d, $3c, $a5, $3d, $33, $3d, $b8, $3e, $33, $3e, $a5, $3f, $d, $3f, $6c
	.byte $3f, $c0, $40, $b, $40, $4c, $40, $83, $40, $b0, $40, $d3, $40, $ec, $40, $fb
; 66*sin(x)
	.byte $0, $0, $1, $9f, $3, $3d, $4, $db, $6, $78, $8, $14, $9, $af, $b, $49
	.byte $c, $e0, $e, $76, $10, $9, $11, $9a, $13, $29, $14, $b4, $16, $3c, $17, $c1
	.byte $19, $42, $1a, $bf, $1c, $38, $1d, $ad, $1f, $1d, $20, $88, $21, $ee, $23, $4f
	.byte $24, $ab, $26, $1, $27, $51, $28, $9b, $29, $df, $2b, $1c, $2c, $53, $2d, $82
	.byte $2e, $ab, $2f, $cd, $30, $e7, $31, $fa, $33, $5, $34, $8, $35, $3, $35, $f6
	.byte $36, $e1, $37, $c3, $38, $9c, $39, $6d, $3a, $35, $3a, $f4, $3b, $aa, $3c, $56
	.byte $3c, $fa, $3d, $94, $3e, $24, $3e, $ab, $3f, $28, $3f, $9c, $40, $6, $40, $65
	.byte $40, $bb, $41, $7, $41, $49, $41, $81, $41, $af, $41, $d2, $41, $ec, $41, $fb
; 67*sin(x)
	.byte $0, $0, $1, $a5, $3, $4a, $4, $ee, $6, $91, $8, $34, $9, $d5, $b, $74
	.byte $d, $12, $e, $ae, $10, $48, $11, $df, $13, $73, $15, $4, $16, $92, $18, $1d
	.byte $19, $a4, $1b, $27, $1c, $a5, $1e, $20, $1f, $95, $21, $6, $22, $72, $23, $d8
	.byte $25, $39, $26, $94, $27, $e9, $29, $38, $2a, $81, $2b, $c3, $2c, $ff, $2e, $33
	.byte $2f, $60, $30, $86, $31, $a5, $32, $bc, $33, $cb, $34, $d2, $35, $d1, $36, $c7
	.byte $37, $b5, $38, $9b, $39, $78, $3a, $4c, $3b, $17, $3b, $d9, $3c, $91, $3d, $41
	.byte $3d, $e6, $3e, $83, $3f, $15, $3f, $9e, $40, $1d, $40, $93, $40, $fe, $41, $5f
	.byte $41, $b6, $42, $3, $42, $46, $42, $7f, $42, $ad, $42, $d2, $42, $eb, $42, $fb
; 68*sin(x)
	.byte $0, $0, $1, $ab, $3, $56, $5, $1, $6, $aa, $8, $53, $9, $fa, $b, $a0
	.byte $d, $44, $e, $e6, $10, $86, $12, $23, $13, $bd, $15, $55, $16, $e9, $18, $79
	.byte $1a, $6, $1b, $8e, $1d, $13, $1e, $93, $20, $e, $21, $84, $22, $f6, $24, $61
	.byte $25, $c7, $27, $28, $28, $82, $29, $d6, $2b, $24, $2c, $6a, $2d, $aa, $2e, $e4
	.byte $30, $15, $31, $40, $32, $62, $33, $7d, $34, $91, $35, $9c, $36, $9e, $37, $99
	.byte $38, $8a, $39, $73, $3a, $53, $3b, $2a, $3b, $f8, $3c, $bd, $3d, $79, $3e, $2b
	.byte $3e, $d3, $3f, $72, $40, $6, $40, $91, $41, $12, $41, $89, $41, $f6, $42, $59
	.byte $42, $b2, $42, $ff, $43, $44, $43, $7d, $43, $ac, $43, $d1, $43, $eb, $43, $fb
; 69*sin(x)
	.byte $0, $0, $1, $b1, $3, $63, $5, $13, $6, $c3, $8, $72, $a, $20, $b, $cc
	.byte $d, $76, $f, $1e, $10, $c4, $12, $67, $14, $8, $15, $a5, $17, $3f, $18, $d5
	.byte $1a, $68, $1b, $f6, $1d, $80, $1f, $6, $20, $87, $22, $3, $23, $79, $24, $ea
	.byte $26, $56, $27, $bb, $29, $1a, $2a, $73, $2b, $c6, $2d, $12, $2e, $56, $2f, $94
	.byte $30, $ca, $31, $f9, $33, $20, $34, $3f, $35, $56, $36, $65, $37, $6c, $38, $6a
	.byte $39, $5f, $3a, $4b, $3b, $2f, $3c, $9, $3c, $da, $3d, $a2, $3e, $60, $3f, $15
	.byte $3f, $bf, $40, $60, $40, $f7, $41, $84, $42, $7, $42, $80, $42, $ef, $43, $53
	.byte $43, $ad, $43, $fc, $44, $41, $44, $7b, $44, $ab, $44, $d0, $44, $eb, $44, $fb
; 70*sin(x)
	.byte $0, $0, $1, $b8, $3, $6f, $5, $26, $6, $dc, $8, $92, $a, $45, $b, $f8
	.byte $d, $a8, $f, $56, $11, $2, $12, $ab, $14, $52, $15, $f5, $17, $95, $19, $31
	.byte $1a, $ca, $1c, $5e, $1d, $ee, $1f, $79, $20, $ff, $22, $81, $23, $fd, $25, $73
	.byte $26, $e4, $28, $4e, $29, $b3, $2b, $11, $2c, $68, $2d, $b9, $2f, $2, $30, $45
	.byte $31, $7f, $32, $b3, $33, $de, $35, $1, $36, $1c, $37, $2f, $38, $39, $39, $3b
	.byte $3a, $34, $3b, $24, $3c, $a, $3c, $e8, $3d, $bc, $3e, $87, $3f, $47, $3f, $ff
	.byte $40, $ac, $41, $4f, $41, $e8, $42, $78, $42, $fc, $43, $77, $43, $e7, $44, $4d
	.byte $44, $a8, $44, $f8, $45, $3e, $45, $79, $45, $aa, $45, $cf, $45, $ea, $45, $fb
; 71*sin(x)
	.byte $0, $0, $1, $be, $3, $7c, $5, $39, $6, $f6, $8, $b1, $a, $6b, $c, $23
	.byte $d, $da, $f, $8e, $11, $40, $12, $f0, $14, $9c, $16, $45, $17, $eb, $19, $8d
	.byte $1b, $2c, $1c, $c6, $1e, $5b, $1f, $ec, $21, $78, $22, $ff, $24, $80, $25, $fc
	.byte $27, $72, $28, $e2, $2a, $4b, $2b, $ae, $2d, $b, $2e, $60, $2f, $ae, $30, $f5
	.byte $32, $34, $33, $6c, $34, $9c, $35, $c3, $36, $e2, $37, $f9, $39, $7, $3a, $c
	.byte $3b, $9, $3b, $fc, $3c, $e6, $3d, $c7, $3e, $9e, $3f, $6b, $40, $2f, $40, $e9
	.byte $41, $98, $42, $3e, $42, $da, $43, $6b, $43, $f1, $44, $6e, $44, $df, $45, $46
	.byte $45, $a3, $45, $f4, $46, $3b, $46, $77, $46, $a8, $46, $cf, $46, $ea, $46, $fb
; 72*sin(x)
	.byte $0, $0, $1, $c4, $3, $88, $5, $4c, $7, $f, $8, $d0, $a, $91, $c, $4f
	.byte $e, $c, $f, $c6, $11, $7f, $13, $34, $14, $e7, $16, $96, $18, $42, $19, $ea
	.byte $1b, $8e, $1d, $2d, $1e, $c9, $20, $5f, $21, $f1, $23, $7d, $25, $4, $26, $85
	.byte $28, $0, $29, $75, $2a, $e4, $2c, $4c, $2d, $ad, $2f, $7, $30, $5a, $31, $a6
	.byte $32, $e9, $34, $25, $35, $59, $36, $85, $37, $a8, $38, $c3, $39, $d5, $3a, $de
	.byte $3b, $de, $3c, $d4, $3d, $c2, $3e, $a5, $3f, $80, $40, $50, $41, $16, $41, $d3
	.byte $42, $85, $43, $2d, $43, $cb, $44, $5e, $44, $e6, $45, $64, $45, $d8, $46, $40
	.byte $46, $9e, $46, $f1, $47, $39, $47, $75, $47, $a7, $47, $ce, $47, $ea, $47, $fa
; 73*sin(x)
	.byte $0, $0, $1, $cb, $3, $95, $5, $5f, $7, $28, $8, $f0, $a, $b6, $c, $7b
	.byte $e, $3e, $f, $ff, $11, $bd, $13, $78, $15, $31, $16, $e6, $18, $98, $1a, $46
	.byte $1b, $f0, $1d, $95, $1f, $36, $20, $d2, $22, $69, $23, $fb, $25, $88, $27, $e
	.byte $28, $8e, $2a, $9, $2b, $7c, $2c, $e9, $2e, $50, $2f, $ae, $31, $6, $32, $56
	.byte $33, $9e, $34, $df, $36, $17, $37, $47, $38, $6e, $39, $8d, $3a, $a2, $3b, $af
	.byte $3c, $b3, $3d, $ad, $3e, $9d, $3f, $84, $40, $61, $41, $35, $41, $fe, $42, $bd
	.byte $43, $71, $44, $1c, $44, $bc, $45, $51, $45, $db, $46, $5b, $46, $d0, $47, $3a
	.byte $47, $99, $47, $ed, $48, $36, $48, $73, $48, $a6, $48, $cd, $48, $e9, $48, $fa
; 74*sin(x)
	.byte $0, $0, $1, $d1, $3, $a2, $5, $72, $7, $41, $9, $f, $a, $dc, $c, $a7
	.byte $e, $70, $10, $37, $11, $fb, $13, $bd, $15, $7b, $17, $36, $18, $ee, $1a, $a2
	.byte $1c, $52, $1d, $fd, $1f, $a4, $21, $45, $22, $e2, $24, $79, $26, $b, $27, $97
	.byte $29, $1d, $2a, $9c, $2c, $15, $2d, $87, $2e, $f2, $30, $56, $31, $b2, $33, $7
	.byte $34, $53, $35, $98, $36, $d5, $38, $9, $39, $34, $3a, $56, $3b, $70, $3c, $80
	.byte $3d, $87, $3e, $85, $3f, $79, $40, $63, $41, $43, $42, $19, $42, $e5, $43, $a7
	.byte $44, $5e, $45, $b, $45, $ad, $46, $44, $46, $d0, $47, $52, $47, $c8, $48, $34
	.byte $48, $94, $48, $e9, $49, $33, $49, $72, $49, $a5, $49, $cd, $49, $e9, $49, $fa
; 75*sin(x)
	.byte $0, $0, $1, $d7, $3, $ae, $5, $84, $7, $5a, $9, $2e, $b, $1, $c, $d2
	.byte $e, $a2, $10, $6f, $12, $39, $14, $1, $15, $c5, $17, $87, $19, $44, $1a, $fe
	.byte $1c, $b4, $1e, $65, $20, $11, $21, $b9, $23, $5b, $24, $f8, $26, $8f, $28, $20
	.byte $29, $ab, $2b, $30, $2c, $ad, $2e, $24, $2f, $94, $30, $fd, $32, $5e, $33, $b7
	.byte $35, $8, $36, $52, $37, $92, $38, $ca, $39, $fa, $3b, $20, $3c, $3e, $3d, $52
	.byte $3e, $5c, $3f, $5d, $40, $54, $41, $42, $42, $25, $42, $fe, $43, $cd, $44, $91
	.byte $45, $4a, $45, $f9, $46, $9e, $47, $37, $47, $c5, $48, $49, $48, $c1, $49, $2d
	.byte $49, $8f, $49, $e5, $4a, $30, $4a, $70, $4a, $a4, $4a, $cc, $4a, $e9, $4a, $fa
; 76*sin(x)
	.byte $0, $0, $1, $dd, $3, $bb, $5, $97, $7, $73, $9, $4e, $b, $27, $c, $fe
	.byte $e, $d4, $10, $a7, $12, $77, $14, $45, $16, $10, $17, $d7, $19, $9b, $1b, $5a
	.byte $1d, $15, $1e, $cc, $20, $7f, $22, $2c, $23, $d3, $25, $76, $27, $12, $28, $a9
	.byte $2a, $39, $2b, $c3, $2d, $46, $2e, $c2, $30, $37, $31, $a4, $33, $a, $34, $68
	.byte $35, $bd, $37, $b, $38, $50, $39, $8c, $3a, $c0, $3b, $ea, $3d, $b, $3e, $23
	.byte $3f, $31, $40, $35, $41, $30, $42, $20, $43, $7, $43, $e3, $44, $b4, $45, $7b
	.byte $46, $37, $46, $e8, $47, $8f, $48, $2a, $48, $ba, $49, $3f, $49, $b9, $4a, $27
	.byte $4a, $8a, $4a, $e2, $4b, $2d, $4b, $6e, $4b, $a2, $4b, $cb, $4b, $e9, $4b, $fa
; 77*sin(x)
	.byte $0, $0, $1, $e4, $3, $c7, $5, $aa, $7, $8c, $9, $6d, $b, $4c, $d, $2a
	.byte $f, $6, $10, $df, $12, $b6, $14, $89, $16, $5a, $18, $27, $19, $f1, $1b, $b6
	.byte $1d, $77, $1f, $34, $20, $ec, $22, $9f, $24, $4c, $25, $f4, $27, $96, $29, $32
	.byte $2a, $c7, $2c, $56, $2d, $de, $2f, $5f, $30, $d9, $32, $4b, $33, $b6, $35, $18
	.byte $36, $72, $37, $c4, $39, $e, $3a, $4e, $3b, $86, $3c, $b4, $3d, $d9, $3e, $f4
	.byte $40, $6, $41, $e, $42, $c, $42, $ff, $43, $e8, $44, $c7, $45, $9b, $46, $65
	.byte $47, $24, $47, $d7, $48, $80, $49, $1d, $49, $af, $4a, $36, $4a, $b1, $4b, $21
	.byte $4b, $85, $4b, $de, $4c, $2b, $4c, $6c, $4c, $a1, $4c, $cb, $4c, $e8, $4c, $fa
; 78*sin(x)
	.byte $0, $0, $1, $ea, $3, $d4, $5, $bd, $7, $a5, $9, $8c, $b, $72, $d, $56
	.byte $f, $38, $11, $17, $12, $f4, $14, $ce, $16, $a4, $18, $78, $1a, $47, $1c, $12
	.byte $1d, $d9, $1f, $9c, $21, $59, $23, $12, $24, $c5, $26, $72, $28, $1a, $29, $bb
	.byte $2b, $56, $2c, $ea, $2e, $77, $2f, $fd, $31, $7c, $32, $f3, $34, $62, $35, $c9
	.byte $37, $28, $38, $7e, $39, $cb, $3b, $10, $3c, $4b, $3d, $7e, $3e, $a6, $3f, $c6
	.byte $40, $db, $41, $e6, $42, $e7, $43, $de, $44, $ca, $45, $ac, $46, $83, $47, $4f
	.byte $48, $10, $48, $c6, $49, $71, $4a, $10, $4a, $a4, $4b, $2d, $4b, $aa, $4c, $1b
	.byte $4c, $80, $4c, $da, $4d, $28, $4d, $6a, $4d, $a0, $4d, $ca, $4d, $e8, $4d, $fa
; 79*sin(x)
	.byte $0, $0, $1, $f0, $3, $e0, $5, $d0, $7, $be, $9, $ac, $b, $97, $d, $82
	.byte $f, $6a, $11, $4f, $13, $32, $15, $12, $16, $ef, $18, $c8, $1a, $9d, $1c, $6f
	.byte $1e, $3b, $20, $4, $21, $c7, $23, $85, $25, $3e, $26, $f0, $28, $9d, $2a, $44
	.byte $2b, $e4, $2d, $7d, $2f, $f, $30, $9a, $32, $1e, $33, $9a, $35, $e, $36, $79
	.byte $37, $dd, $39, $37, $3a, $89, $3b, $d2, $3d, $11, $3e, $48, $3f, $74, $40, $97
	.byte $41, $b0, $42, $be, $43, $c3, $44, $bd, $45, $ac, $46, $91, $47, $6a, $48, $39
	.byte $48, $fd, $49, $b5, $4a, $62, $4b, $3, $4b, $99, $4c, $23, $4c, $a2, $4d, $15
	.byte $4d, $7b, $4d, $d6, $4e, $25, $4e, $68, $4e, $9f, $4e, $c9, $4e, $e8, $4e, $fa
; 80*sin(x)
	.byte $0, $0, $1, $f7, $3, $ed, $5, $e3, $7, $d7, $9, $cb, $b, $bd, $d, $ad
	.byte $f, $9b, $11, $87, $13, $70, $15, $56, $17, $39, $19, $18, $1a, $f4, $1c, $cb
	.byte $1e, $9d, $20, $6b, $22, $34, $23, $f8, $25, $b6, $27, $6f, $29, $21, $2a, $cd
	.byte $2c, $72, $2e, $11, $2f, $a8, $31, $38, $32, $c0, $34, $41, $35, $ba, $37, $2a
	.byte $38, $92, $39, $f1, $3b, $47, $3c, $94, $3d, $d7, $3f, $11, $40, $42, $41, $68
	.byte $42, $84, $43, $97, $44, $9e, $45, $9b, $46, $8e, $47, $75, $48, $52, $49, $23
	.byte $49, $e9, $4a, $a4, $4b, $53, $4b, $f6, $4c, $8e, $4d, $1a, $4d, $9a, $4e, $e
	.byte $4e, $76, $4e, $d2, $4f, $22, $4f, $66, $4f, $9d, $4f, $c9, $4f, $e7, $4f, $fa
; 81*sin(x)
	.byte $0, $0, $1, $fd, $3, $f9, $5, $f5, $7, $f0, $9, $ea, $b, $e3, $d, $d9
	.byte $f, $cd, $11, $bf, $13, $ae, $15, $9b, $17, $83, $19, $69, $1b, $4a, $1d, $27
	.byte $1e, $ff, $20, $d3, $22, $a2, $24, $6b, $26, $2f, $27, $ed, $29, $a4, $2b, $56
	.byte $2d, $0, $2e, $a4, $30, $40, $31, $d5, $33, $63, $34, $e8, $36, $65, $37, $da
	.byte $39, $47, $3a, $aa, $3c, $4, $3d, $55, $3e, $9d, $3f, $db, $41, $f, $42, $39
	.byte $43, $59, $44, $6f, $45, $7a, $46, $7a, $47, $70, $48, $5a, $49, $39, $4a, $d
	.byte $4a, $d6, $4b, $93, $4c, $44, $4c, $e9, $4d, $83, $4e, $11, $4e, $93, $4f, $8
	.byte $4f, $72, $4f, $cf, $50, $20, $50, $64, $50, $9c, $50, $c8, $50, $e7, $50, $fa
; 82*sin(x)
	.byte $0, $0, $2, $3, $4, $6, $6, $8, $8, $a, $a, $a, $c, $8, $e, $5
	.byte $f, $ff, $11, $f7, $13, $ed, $15, $df, $17, $ce, $19, $b9, $1b, $a0, $1d, $83
	.byte $1f, $61, $21, $3b, $23, $f, $24, $de, $26, $a8, $28, $6b, $2a, $28, $2b, $df
	.byte $2d, $8f, $2f, $37, $30, $d9, $32, $73, $34, $5, $35, $8f, $37, $11, $38, $8b
	.byte $39, $fc, $3b, $63, $3c, $c2, $3e, $17, $3f, $63, $40, $a5, $41, $dd, $43, $b
	.byte $44, $2e, $45, $47, $46, $55, $47, $59, $48, $51, $49, $3f, $4a, $21, $4a, $f7
	.byte $4b, $c2, $4c, $81, $4d, $35, $4d, $dc, $4e, $78, $4f, $8, $4f, $8b, $50, $2
	.byte $50, $6d, $50, $cb, $51, $1d, $51, $62, $51, $9b, $51, $c7, $51, $e7, $51, $fa
; 83*sin(x)
	.byte $0, $0, $2, $9, $4, $13, $6, $1b, $8, $23, $a, $29, $c, $2e, $e, $31
	.byte $10, $31, $12, $2f, $14, $2b, $16, $23, $18, $18, $1a, $9, $1b, $f6, $1d, $df
	.byte $1f, $c3, $21, $a3, $23, $7d, $25, $51, $27, $20, $28, $e9, $2a, $ac, $2c, $68
	.byte $2e, $1d, $2f, $cb, $31, $71, $33, $10, $34, $a8, $36, $37, $37, $bd, $39, $3b
	.byte $3a, $b1, $3c, $1d, $3d, $80, $3e, $d9, $40, $29, $41, $6f, $42, $ab, $43, $dc
	.byte $45, $3, $46, $1f, $47, $31, $48, $38, $49, $33, $4a, $23, $4b, $8, $4b, $e1
	.byte $4c, $af, $4d, $70, $4e, $26, $4e, $d0, $4f, $6d, $4f, $fe, $50, $83, $50, $fc
	.byte $51, $68, $51, $c7, $52, $1a, $52, $60, $52, $9a, $52, $c6, $52, $e6, $52, $fa
; 84*sin(x)
	.byte $0, $0, $2, $10, $4, $1f, $6, $2e, $8, $3c, $a, $48, $c, $53, $e, $5c
	.byte $10, $63, $12, $68, $14, $69, $16, $67, $18, $62, $1a, $59, $1c, $4c, $1e, $3b
	.byte $20, $25, $22, $a, $23, $ea, $25, $c4, $27, $99, $29, $67, $2b, $2f, $2c, $f1
	.byte $2e, $ab, $30, $5e, $32, $a, $33, $ae, $35, $4a, $36, $de, $38, $69, $39, $ec
	.byte $3b, $66, $3c, $d6, $3e, $3d, $3f, $9b, $40, $ef, $42, $39, $43, $78, $44, $ad
	.byte $45, $d8, $46, $f8, $48, $d, $49, $16, $4a, $15, $4b, $8, $4b, $ef, $4c, $cb
	.byte $4d, $9b, $4e, $5f, $4f, $17, $4f, $c3, $50, $62, $50, $f5, $51, $7c, $51, $f5
	.byte $52, $63, $52, $c3, $53, $17, $53, $5e, $53, $98, $53, $c6, $53, $e6, $53, $fa
; 85*sin(x)
	.byte $0, $0, $2, $16, $4, $2c, $6, $41, $8, $55, $a, $68, $c, $79, $e, $88
	.byte $10, $95, $12, $a0, $14, $a7, $16, $ac, $18, $ad, $1a, $aa, $1c, $a3, $1e, $97
	.byte $20, $87, $22, $72, $24, $58, $26, $38, $28, $12, $29, $e5, $2b, $b3, $2d, $7a
	.byte $2f, $39, $30, $f2, $32, $a2, $34, $4b, $35, $ec, $37, $85, $39, $15, $3a, $9c
	.byte $3c, $1b, $3d, $90, $3e, $fb, $40, $5d, $41, $b5, $43, $2, $44, $46, $45, $7f
	.byte $46, $ad, $47, $d0, $48, $e8, $49, $f5, $4a, $f7, $4b, $ed, $4c, $d7, $4d, $b5
	.byte $4e, $88, $4f, $4e, $50, $8, $50, $b6, $51, $57, $51, $ec, $52, $74, $52, $ef
	.byte $53, $5e, $53, $c0, $54, $14, $54, $5c, $54, $97, $54, $c5, $54, $e6, $54, $f9
